// Jest Snapshot v1, https://goo.gl/fbAQLP

exports[`Create User -- Positif Case Create User using valid request 1`] = `
Object {
  "createdAt": Any<String>,
  "id": Any<String>,
  "job": "leader",
  "name": "morpheus",
}
`;
