// Jest Snapshot v1, https://goo.gl/fbAQLP

exports[`Get All User -- Positif Case Get All User on page 1 1`] = `
Object {
  "data": Array [
    Object {
      "avatar": "https://reqres.in/img/faces/1-image.jpg",
      "email": "george.bluth@reqres.in",
      "first_name": "George",
      "id": 1,
      "last_name": "Bluth",
    },
    Object {
      "avatar": "https://reqres.in/img/faces/2-image.jpg",
      "email": "janet.weaver@reqres.in",
      "first_name": "Janet",
      "id": 2,
      "last_name": "Weaver",
    },
    Object {
      "avatar": "https://reqres.in/img/faces/3-image.jpg",
      "email": "emma.wong@reqres.in",
      "first_name": "Emma",
      "id": 3,
      "last_name": "Wong",
    },
    Object {
      "avatar": "https://reqres.in/img/faces/4-image.jpg",
      "email": "eve.holt@reqres.in",
      "first_name": "Eve",
      "id": 4,
      "last_name": "Holt",
    },
    Object {
      "avatar": "https://reqres.in/img/faces/5-image.jpg",
      "email": "charles.morris@reqres.in",
      "first_name": "Charles",
      "id": 5,
      "last_name": "Morris",
    },
    Object {
      "avatar": "https://reqres.in/img/faces/6-image.jpg",
      "email": "tracey.ramos@reqres.in",
      "first_name": "Tracey",
      "id": 6,
      "last_name": "Ramos",
    },
  ],
  "page": 1,
  "per_page": 6,
  "support": Object {
    "text": "To keep ReqRes free, contributions towards server costs are appreciated!",
    "url": "https://reqres.in/#support-heading",
  },
  "total": 12,
  "total_pages": 2,
}
`;

exports[`Get All User -- Positif Case Get All User on page 2 1`] = `
Object {
  "data": Array [
    Object {
      "avatar": "https://reqres.in/img/faces/7-image.jpg",
      "email": "michael.lawson@reqres.in",
      "first_name": "Michael",
      "id": 7,
      "last_name": "Lawson",
    },
    Object {
      "avatar": "https://reqres.in/img/faces/8-image.jpg",
      "email": "lindsay.ferguson@reqres.in",
      "first_name": "Lindsay",
      "id": 8,
      "last_name": "Ferguson",
    },
    Object {
      "avatar": "https://reqres.in/img/faces/9-image.jpg",
      "email": "tobias.funke@reqres.in",
      "first_name": "Tobias",
      "id": 9,
      "last_name": "Funke",
    },
    Object {
      "avatar": "https://reqres.in/img/faces/10-image.jpg",
      "email": "byron.fields@reqres.in",
      "first_name": "Byron",
      "id": 10,
      "last_name": "Fields",
    },
    Object {
      "avatar": "https://reqres.in/img/faces/11-image.jpg",
      "email": "george.edwards@reqres.in",
      "first_name": "George",
      "id": 11,
      "last_name": "Edwards",
    },
    Object {
      "avatar": "https://reqres.in/img/faces/12-image.jpg",
      "email": "rachel.howell@reqres.in",
      "first_name": "Rachel",
      "id": 12,
      "last_name": "Howell",
    },
  ],
  "page": 2,
  "per_page": 6,
  "support": Object {
    "text": "To keep ReqRes free, contributions towards server costs are appreciated!",
    "url": "https://reqres.in/#support-heading",
  },
  "total": 12,
  "total_pages": 2,
}
`;
